TimeQuest Timing Analyzer report for exercise3
Sat Mar 19 16:05:14 2022
Quartus II 64-Bit Version 13.0.1 Build 232 06/12/2013 Service Pack 1 SJ Web Edition


---------------------
; Table of Contents ;
---------------------
  1. Legal Notice
  2. TimeQuest Timing Analyzer Summary
  3. Parallel Compilation
  4. Clocks
  5. Slow Model Fmax Summary
  6. Slow Model Setup Summary
  7. Slow Model Hold Summary
  8. Slow Model Recovery Summary
  9. Slow Model Removal Summary
 10. Slow Model Minimum Pulse Width Summary
 11. Propagation Delay
 12. Minimum Propagation Delay
 13. Fast Model Setup Summary
 14. Fast Model Hold Summary
 15. Fast Model Recovery Summary
 16. Fast Model Removal Summary
 17. Fast Model Minimum Pulse Width Summary
 18. Propagation Delay
 19. Minimum Propagation Delay
 20. Multicorner Timing Analysis Summary
 21. Progagation Delay
 22. Minimum Progagation Delay
 23. Clock Transfers
 24. Report TCCS
 25. Report RSKM
 26. Unconstrained Paths
 27. TimeQuest Timing Analyzer Messages



----------------
; Legal Notice ;
----------------
Copyright (C) 1991-2013 Altera Corporation
Your use of Altera Corporation's design tools, logic functions 
and other software and tools, and its AMPP partner logic 
functions, and any output files from any of the foregoing 
(including device programming or simulation files), and any 
associated documentation or information are expressly subject 
to the terms and conditions of the Altera Program License 
Subscription Agreement, Altera MegaCore Function License 
Agreement, or other applicable license agreement, including, 
without limitation, that your use is for the sole purpose of 
programming logic devices manufactured by Altera and sold by 
Altera or its authorized distributors.  Please refer to the 
applicable agreement for further details.



+----------------------------------------------------------------------------------------+
; TimeQuest Timing Analyzer Summary                                                      ;
+--------------------+-------------------------------------------------------------------+
; Quartus II Version ; Version 13.0.1 Build 232 06/12/2013 Service Pack 1 SJ Web Edition ;
; Revision Name      ; exercise3                                                         ;
; Device Family      ; Cyclone II                                                        ;
; Device Name        ; EP2C35F672C6                                                      ;
; Timing Models      ; Final                                                             ;
; Delay Model        ; Combined                                                          ;
; Rise/Fall Delays   ; Unavailable                                                       ;
+--------------------+-------------------------------------------------------------------+


Parallel compilation was disabled, but you have multiple processors available. Enable parallel compilation to reduce compilation time.
+-------------------------------------+
; Parallel Compilation                ;
+----------------------------+--------+
; Processors                 ; Number ;
+----------------------------+--------+
; Number detected on machine ; 4      ;
; Maximum allowed            ; 1      ;
+----------------------------+--------+


----------
; Clocks ;
----------
No clocks to report.


---------------------------
; Slow Model Fmax Summary ;
---------------------------
No paths to report.


----------------------------
; Slow Model Setup Summary ;
----------------------------
No paths to report.


---------------------------
; Slow Model Hold Summary ;
---------------------------
No paths to report.


-------------------------------
; Slow Model Recovery Summary ;
-------------------------------
No paths to report.


------------------------------
; Slow Model Removal Summary ;
------------------------------
No paths to report.


------------------------------------------
; Slow Model Minimum Pulse Width Summary ;
------------------------------------------
No paths to report.


+--------------------------------------------------------------+
; Propagation Delay                                            ;
+------------+-------------+--------+--------+--------+--------+
; Input Port ; Output Port ; RR     ; RF     ; FR     ; FF     ;
+------------+-------------+--------+--------+--------+--------+
; bin[0]     ; tsseg[0]    ; 6.458  ; 6.458  ; 6.458  ; 6.458  ;
; bin[0]     ; tsseg[1]    ; 7.122  ; 7.122  ; 7.122  ; 7.122  ;
; bin[0]     ; tsseg[2]    ;        ; 6.931  ; 6.931  ;        ;
; bin[0]     ; tsseg[3]    ; 6.877  ; 6.877  ; 6.877  ; 6.877  ;
; bin[0]     ; tsseg[4]    ; 6.509  ;        ;        ; 6.509  ;
; bin[0]     ; tsseg[5]    ; 6.455  ;        ;        ; 6.455  ;
; bin[0]     ; tsseg[6]    ; 6.790  ; 6.790  ; 6.790  ; 6.790  ;
; bin[1]     ; tsseg[0]    ; 9.527  ; 9.527  ; 9.527  ; 9.527  ;
; bin[1]     ; tsseg[1]    ; 10.172 ; 10.172 ; 10.172 ; 10.172 ;
; bin[1]     ; tsseg[2]    ; 9.967  ;        ;        ; 9.967  ;
; bin[1]     ; tsseg[3]    ; 9.935  ; 9.935  ; 9.935  ; 9.935  ;
; bin[1]     ; tsseg[4]    ;        ; 9.572  ; 9.572  ;        ;
; bin[1]     ; tsseg[5]    ; 9.523  ; 9.523  ; 9.523  ; 9.523  ;
; bin[1]     ; tsseg[6]    ; 9.836  ; 9.836  ; 9.836  ; 9.836  ;
; bin[2]     ; tsseg[0]    ; 9.450  ; 9.450  ; 9.450  ; 9.450  ;
; bin[2]     ; tsseg[1]    ; 10.098 ;        ;        ; 10.098 ;
; bin[2]     ; tsseg[2]    ; 9.901  ; 9.901  ; 9.901  ; 9.901  ;
; bin[2]     ; tsseg[3]    ; 9.861  ; 9.861  ; 9.861  ; 9.861  ;
; bin[2]     ; tsseg[4]    ; 9.497  ; 9.497  ; 9.497  ; 9.497  ;
; bin[2]     ; tsseg[5]    ; 9.422  ; 9.422  ; 9.422  ; 9.422  ;
; bin[2]     ; tsseg[6]    ; 9.763  ; 9.763  ; 9.763  ; 9.763  ;
; bin[3]     ; tsseg[0]    ; 9.407  ; 9.407  ; 9.407  ; 9.407  ;
; bin[3]     ; tsseg[1]    ; 10.094 ; 10.094 ; 10.094 ; 10.094 ;
; bin[3]     ; tsseg[2]    ; 9.901  ; 9.901  ; 9.901  ; 9.901  ;
; bin[3]     ; tsseg[3]    ; 9.844  ; 9.844  ; 9.844  ; 9.844  ;
; bin[3]     ; tsseg[4]    ;        ; 9.450  ; 9.450  ;        ;
; bin[3]     ; tsseg[5]    ; 9.403  ; 9.403  ; 9.403  ; 9.403  ;
; bin[3]     ; tsseg[6]    ; 9.761  ; 9.761  ; 9.761  ; 9.761  ;
; bin[4]     ; tsseg[7]    ; 10.277 ; 10.277 ; 10.277 ; 10.277 ;
; bin[4]     ; tsseg[8]    ; 10.149 ; 10.149 ; 10.149 ; 10.149 ;
; bin[4]     ; tsseg[9]    ;        ; 9.937  ; 9.937  ;        ;
; bin[4]     ; tsseg[10]   ; 9.700  ; 9.700  ; 9.700  ; 9.700  ;
; bin[4]     ; tsseg[11]   ; 9.971  ;        ;        ; 9.971  ;
; bin[4]     ; tsseg[12]   ; 9.824  ;        ;        ; 9.824  ;
; bin[4]     ; tsseg[13]   ; 10.059 ; 10.059 ; 10.059 ; 10.059 ;
; bin[5]     ; tsseg[7]    ; 10.431 ; 10.431 ; 10.431 ; 10.431 ;
; bin[5]     ; tsseg[8]    ; 10.303 ; 10.303 ; 10.303 ; 10.303 ;
; bin[5]     ; tsseg[9]    ; 10.090 ;        ;        ; 10.090 ;
; bin[5]     ; tsseg[10]   ; 9.851  ; 9.851  ; 9.851  ; 9.851  ;
; bin[5]     ; tsseg[11]   ;        ; 10.120 ; 10.120 ;        ;
; bin[5]     ; tsseg[12]   ; 9.978  ; 9.978  ; 9.978  ; 9.978  ;
; bin[5]     ; tsseg[13]   ; 10.212 ; 10.212 ; 10.212 ; 10.212 ;
; bin[6]     ; tsseg[7]    ; 10.435 ; 10.435 ; 10.435 ; 10.435 ;
; bin[6]     ; tsseg[8]    ; 10.310 ;        ;        ; 10.310 ;
; bin[6]     ; tsseg[9]    ; 10.108 ; 10.108 ; 10.108 ; 10.108 ;
; bin[6]     ; tsseg[10]   ; 9.862  ; 9.862  ; 9.862  ; 9.862  ;
; bin[6]     ; tsseg[11]   ; 10.136 ; 10.136 ; 10.136 ; 10.136 ;
; bin[6]     ; tsseg[12]   ; 9.982  ; 9.982  ; 9.982  ; 9.982  ;
; bin[6]     ; tsseg[13]   ; 10.217 ; 10.217 ; 10.217 ; 10.217 ;
; bin[7]     ; tsseg[7]    ; 10.478 ; 10.478 ; 10.478 ; 10.478 ;
; bin[7]     ; tsseg[8]    ; 10.348 ; 10.348 ; 10.348 ; 10.348 ;
; bin[7]     ; tsseg[9]    ; 10.135 ; 10.135 ; 10.135 ; 10.135 ;
; bin[7]     ; tsseg[10]   ; 9.902  ; 9.902  ; 9.902  ; 9.902  ;
; bin[7]     ; tsseg[11]   ;        ; 10.172 ; 10.172 ;        ;
; bin[7]     ; tsseg[12]   ; 10.025 ; 10.025 ; 10.025 ; 10.025 ;
; bin[7]     ; tsseg[13]   ; 10.261 ; 10.261 ; 10.261 ; 10.261 ;
; bin[8]     ; tsseg[14]   ; 9.959  ; 9.959  ; 9.959  ; 9.959  ;
; bin[8]     ; tsseg[15]   ; 9.906  ; 9.906  ; 9.906  ; 9.906  ;
; bin[8]     ; tsseg[16]   ;        ; 10.001 ; 10.001 ;        ;
; bin[8]     ; tsseg[17]   ; 10.241 ; 10.241 ; 10.241 ; 10.241 ;
; bin[8]     ; tsseg[18]   ; 10.235 ;        ;        ; 10.235 ;
; bin[8]     ; tsseg[19]   ; 10.565 ;        ;        ; 10.565 ;
; bin[8]     ; tsseg[20]   ; 10.250 ; 10.250 ; 10.250 ; 10.250 ;
; bin[9]     ; tsseg[14]   ; 10.111 ; 10.111 ; 10.111 ; 10.111 ;
; bin[9]     ; tsseg[15]   ; 10.053 ; 10.053 ; 10.053 ; 10.053 ;
; bin[9]     ; tsseg[16]   ; 10.178 ;        ;        ; 10.178 ;
; bin[9]     ; tsseg[17]   ; 10.388 ; 10.388 ; 10.388 ; 10.388 ;
; bin[9]     ; tsseg[18]   ;        ; 10.382 ; 10.382 ;        ;
; bin[9]     ; tsseg[19]   ; 10.712 ; 10.712 ; 10.712 ; 10.712 ;
; bin[9]     ; tsseg[20]   ; 10.397 ; 10.397 ; 10.397 ; 10.397 ;
; bin[10]    ; tsseg[14]   ; 9.812  ; 9.812  ; 9.812  ; 9.812  ;
; bin[10]    ; tsseg[15]   ; 9.747  ;        ;        ; 9.747  ;
; bin[10]    ; tsseg[16]   ; 9.879  ; 9.879  ; 9.879  ; 9.879  ;
; bin[10]    ; tsseg[17]   ; 10.078 ; 10.078 ; 10.078 ; 10.078 ;
; bin[10]    ; tsseg[18]   ; 10.070 ; 10.070 ; 10.070 ; 10.070 ;
; bin[10]    ; tsseg[19]   ; 10.413 ; 10.413 ; 10.413 ; 10.413 ;
; bin[10]    ; tsseg[20]   ; 10.089 ; 10.089 ; 10.089 ; 10.089 ;
; bin[11]    ; tsseg[14]   ; 10.161 ; 10.161 ; 10.161 ; 10.161 ;
; bin[11]    ; tsseg[15]   ; 10.095 ; 10.095 ; 10.095 ; 10.095 ;
; bin[11]    ; tsseg[16]   ; 10.224 ; 10.224 ; 10.224 ; 10.224 ;
; bin[11]    ; tsseg[17]   ; 10.435 ; 10.435 ; 10.435 ; 10.435 ;
; bin[11]    ; tsseg[18]   ;        ; 10.428 ; 10.428 ;        ;
; bin[11]    ; tsseg[19]   ; 10.761 ; 10.761 ; 10.761 ; 10.761 ;
; bin[11]    ; tsseg[20]   ; 10.444 ; 10.444 ; 10.444 ; 10.444 ;
; sel[0]     ; tsseg[0]    ; 6.173  ;        ;        ; 6.173  ;
; sel[0]     ; tsseg[1]    ; 6.625  ;        ;        ; 6.625  ;
; sel[0]     ; tsseg[2]    ; 6.438  ;        ;        ; 6.438  ;
; sel[0]     ; tsseg[3]    ; 6.413  ;        ;        ; 6.413  ;
; sel[0]     ; tsseg[4]    ; 6.183  ; 6.183  ; 6.183  ; 6.183  ;
; sel[0]     ; tsseg[5]    ; 6.170  ;        ;        ; 6.170  ;
; sel[0]     ; tsseg[6]    ; 6.466  ; 6.466  ; 6.466  ; 6.466  ;
; sel[0]     ; tsseg[7]    ; 6.665  ;        ;        ; 6.665  ;
; sel[0]     ; tsseg[8]    ; 6.446  ;        ;        ; 6.446  ;
; sel[0]     ; tsseg[9]    ;        ; 6.265  ; 6.265  ;        ;
; sel[0]     ; tsseg[10]   ; 5.996  ;        ;        ; 5.996  ;
; sel[0]     ; tsseg[11]   ;        ; 6.032  ; 6.032  ;        ;
; sel[0]     ; tsseg[12]   ; 6.212  ;        ;        ; 6.212  ;
; sel[0]     ; tsseg[13]   ;        ; 6.422  ; 6.422  ;        ;
; sel[0]     ; tsseg[14]   ;        ; 5.807  ; 5.807  ;        ;
; sel[0]     ; tsseg[15]   ;        ; 5.825  ; 5.825  ;        ;
; sel[0]     ; tsseg[16]   ;        ; 5.551  ; 5.551  ;        ;
; sel[0]     ; tsseg[17]   ;        ; 5.799  ; 5.799  ;        ;
; sel[0]     ; tsseg[18]   ;        ; 5.793  ; 5.793  ;        ;
; sel[0]     ; tsseg[19]   ;        ; 6.441  ; 6.441  ;        ;
; sel[0]     ; tsseg[20]   ; 5.851  ; 5.851  ; 5.851  ; 5.851  ;
; sel[1]     ; tsseg[0]    ;        ; 10.384 ; 10.384 ;        ;
; sel[1]     ; tsseg[1]    ;        ; 10.658 ; 10.658 ;        ;
; sel[1]     ; tsseg[2]    ;        ; 10.648 ; 10.648 ;        ;
; sel[1]     ; tsseg[3]    ;        ; 10.623 ; 10.623 ;        ;
; sel[1]     ; tsseg[4]    ; 10.392 ; 10.392 ; 10.392 ; 10.392 ;
; sel[1]     ; tsseg[5]    ;        ; 10.382 ; 10.382 ;        ;
; sel[1]     ; tsseg[6]    ; 10.676 ; 10.676 ; 10.676 ; 10.676 ;
; sel[1]     ; tsseg[7]    ;        ; 10.487 ; 10.487 ;        ;
; sel[1]     ; tsseg[8]    ;        ; 10.782 ; 10.782 ;        ;
; sel[1]     ; tsseg[9]    ;        ; 10.552 ; 10.552 ;        ;
; sel[1]     ; tsseg[10]   ;        ; 10.344 ; 10.344 ;        ;
; sel[1]     ; tsseg[11]   ;        ; 10.334 ; 10.334 ;        ;
; sel[1]     ; tsseg[12]   ;        ; 10.044 ; 10.044 ;        ;
; sel[1]     ; tsseg[13]   ;        ; 10.257 ; 10.257 ;        ;
; sel[1]     ; tsseg[14]   ;        ; 10.147 ; 10.147 ;        ;
; sel[1]     ; tsseg[15]   ;        ; 10.116 ; 10.116 ;        ;
; sel[1]     ; tsseg[16]   ;        ; 10.252 ; 10.252 ;        ;
; sel[1]     ; tsseg[17]   ;        ; 10.139 ; 10.139 ;        ;
; sel[1]     ; tsseg[18]   ;        ; 10.123 ; 10.123 ;        ;
; sel[1]     ; tsseg[19]   ;        ; 10.780 ; 10.780 ;        ;
; sel[1]     ; tsseg[20]   ; 10.150 ; 10.150 ; 10.150 ; 10.150 ;
+------------+-------------+--------+--------+--------+--------+


+--------------------------------------------------------------+
; Minimum Propagation Delay                                    ;
+------------+-------------+--------+--------+--------+--------+
; Input Port ; Output Port ; RR     ; RF     ; FR     ; FF     ;
+------------+-------------+--------+--------+--------+--------+
; bin[0]     ; tsseg[0]    ; 6.458  ; 6.458  ; 6.458  ; 6.458  ;
; bin[0]     ; tsseg[1]    ; 7.122  ; 7.122  ; 7.122  ; 7.122  ;
; bin[0]     ; tsseg[2]    ;        ; 6.931  ; 6.931  ;        ;
; bin[0]     ; tsseg[3]    ; 6.877  ; 6.877  ; 6.877  ; 6.877  ;
; bin[0]     ; tsseg[4]    ; 6.509  ;        ;        ; 6.509  ;
; bin[0]     ; tsseg[5]    ; 6.455  ;        ;        ; 6.455  ;
; bin[0]     ; tsseg[6]    ; 6.790  ; 6.790  ; 6.790  ; 6.790  ;
; bin[1]     ; tsseg[0]    ; 9.527  ; 9.527  ; 9.527  ; 9.527  ;
; bin[1]     ; tsseg[1]    ; 10.172 ; 10.172 ; 10.172 ; 10.172 ;
; bin[1]     ; tsseg[2]    ; 9.967  ;        ;        ; 9.967  ;
; bin[1]     ; tsseg[3]    ; 9.935  ; 9.935  ; 9.935  ; 9.935  ;
; bin[1]     ; tsseg[4]    ;        ; 9.572  ; 9.572  ;        ;
; bin[1]     ; tsseg[5]    ; 9.523  ; 9.523  ; 9.523  ; 9.523  ;
; bin[1]     ; tsseg[6]    ; 9.836  ; 9.836  ; 9.836  ; 9.836  ;
; bin[2]     ; tsseg[0]    ; 9.450  ; 9.450  ; 9.450  ; 9.450  ;
; bin[2]     ; tsseg[1]    ; 10.098 ;        ;        ; 10.098 ;
; bin[2]     ; tsseg[2]    ; 9.901  ; 9.901  ; 9.901  ; 9.901  ;
; bin[2]     ; tsseg[3]    ; 9.861  ; 9.861  ; 9.861  ; 9.861  ;
; bin[2]     ; tsseg[4]    ; 9.497  ; 9.497  ; 9.497  ; 9.497  ;
; bin[2]     ; tsseg[5]    ; 9.422  ; 9.422  ; 9.422  ; 9.422  ;
; bin[2]     ; tsseg[6]    ; 9.763  ; 9.763  ; 9.763  ; 9.763  ;
; bin[3]     ; tsseg[0]    ; 9.407  ; 9.407  ; 9.407  ; 9.407  ;
; bin[3]     ; tsseg[1]    ; 10.094 ; 10.094 ; 10.094 ; 10.094 ;
; bin[3]     ; tsseg[2]    ; 9.901  ; 9.901  ; 9.901  ; 9.901  ;
; bin[3]     ; tsseg[3]    ; 9.844  ; 9.844  ; 9.844  ; 9.844  ;
; bin[3]     ; tsseg[4]    ;        ; 9.450  ; 9.450  ;        ;
; bin[3]     ; tsseg[5]    ; 9.403  ; 9.403  ; 9.403  ; 9.403  ;
; bin[3]     ; tsseg[6]    ; 9.761  ; 9.761  ; 9.761  ; 9.761  ;
; bin[4]     ; tsseg[7]    ; 10.277 ; 10.277 ; 10.277 ; 10.277 ;
; bin[4]     ; tsseg[8]    ; 10.149 ; 10.149 ; 10.149 ; 10.149 ;
; bin[4]     ; tsseg[9]    ;        ; 9.937  ; 9.937  ;        ;
; bin[4]     ; tsseg[10]   ; 9.700  ; 9.700  ; 9.700  ; 9.700  ;
; bin[4]     ; tsseg[11]   ; 9.971  ;        ;        ; 9.971  ;
; bin[4]     ; tsseg[12]   ; 9.824  ;        ;        ; 9.824  ;
; bin[4]     ; tsseg[13]   ; 10.059 ; 10.059 ; 10.059 ; 10.059 ;
; bin[5]     ; tsseg[7]    ; 10.431 ; 10.431 ; 10.431 ; 10.431 ;
; bin[5]     ; tsseg[8]    ; 10.303 ; 10.303 ; 10.303 ; 10.303 ;
; bin[5]     ; tsseg[9]    ; 10.090 ;        ;        ; 10.090 ;
; bin[5]     ; tsseg[10]   ; 9.851  ; 9.851  ; 9.851  ; 9.851  ;
; bin[5]     ; tsseg[11]   ;        ; 10.120 ; 10.120 ;        ;
; bin[5]     ; tsseg[12]   ; 9.978  ; 9.978  ; 9.978  ; 9.978  ;
; bin[5]     ; tsseg[13]   ; 10.212 ; 10.212 ; 10.212 ; 10.212 ;
; bin[6]     ; tsseg[7]    ; 10.435 ; 10.435 ; 10.435 ; 10.435 ;
; bin[6]     ; tsseg[8]    ; 10.310 ;        ;        ; 10.310 ;
; bin[6]     ; tsseg[9]    ; 10.108 ; 10.108 ; 10.108 ; 10.108 ;
; bin[6]     ; tsseg[10]   ; 9.862  ; 9.862  ; 9.862  ; 9.862  ;
; bin[6]     ; tsseg[11]   ; 10.136 ; 10.136 ; 10.136 ; 10.136 ;
; bin[6]     ; tsseg[12]   ; 9.982  ; 9.982  ; 9.982  ; 9.982  ;
; bin[6]     ; tsseg[13]   ; 10.217 ; 10.217 ; 10.217 ; 10.217 ;
; bin[7]     ; tsseg[7]    ; 10.478 ; 10.478 ; 10.478 ; 10.478 ;
; bin[7]     ; tsseg[8]    ; 10.348 ; 10.348 ; 10.348 ; 10.348 ;
; bin[7]     ; tsseg[9]    ; 10.135 ; 10.135 ; 10.135 ; 10.135 ;
; bin[7]     ; tsseg[10]   ; 9.902  ; 9.902  ; 9.902  ; 9.902  ;
; bin[7]     ; tsseg[11]   ;        ; 10.172 ; 10.172 ;        ;
; bin[7]     ; tsseg[12]   ; 10.025 ; 10.025 ; 10.025 ; 10.025 ;
; bin[7]     ; tsseg[13]   ; 10.261 ; 10.261 ; 10.261 ; 10.261 ;
; bin[8]     ; tsseg[14]   ; 9.959  ; 9.959  ; 9.959  ; 9.959  ;
; bin[8]     ; tsseg[15]   ; 9.906  ; 9.906  ; 9.906  ; 9.906  ;
; bin[8]     ; tsseg[16]   ;        ; 10.001 ; 10.001 ;        ;
; bin[8]     ; tsseg[17]   ; 10.241 ; 10.241 ; 10.241 ; 10.241 ;
; bin[8]     ; tsseg[18]   ; 10.235 ;        ;        ; 10.235 ;
; bin[8]     ; tsseg[19]   ; 10.565 ;        ;        ; 10.565 ;
; bin[8]     ; tsseg[20]   ; 10.250 ; 10.250 ; 10.250 ; 10.250 ;
; bin[9]     ; tsseg[14]   ; 10.111 ; 10.111 ; 10.111 ; 10.111 ;
; bin[9]     ; tsseg[15]   ; 10.053 ; 10.053 ; 10.053 ; 10.053 ;
; bin[9]     ; tsseg[16]   ; 10.178 ;        ;        ; 10.178 ;
; bin[9]     ; tsseg[17]   ; 10.388 ; 10.388 ; 10.388 ; 10.388 ;
; bin[9]     ; tsseg[18]   ;        ; 10.382 ; 10.382 ;        ;
; bin[9]     ; tsseg[19]   ; 10.712 ; 10.712 ; 10.712 ; 10.712 ;
; bin[9]     ; tsseg[20]   ; 10.397 ; 10.397 ; 10.397 ; 10.397 ;
; bin[10]    ; tsseg[14]   ; 9.812  ; 9.812  ; 9.812  ; 9.812  ;
; bin[10]    ; tsseg[15]   ; 9.747  ;        ;        ; 9.747  ;
; bin[10]    ; tsseg[16]   ; 9.879  ; 9.879  ; 9.879  ; 9.879  ;
; bin[10]    ; tsseg[17]   ; 10.078 ; 10.078 ; 10.078 ; 10.078 ;
; bin[10]    ; tsseg[18]   ; 10.070 ; 10.070 ; 10.070 ; 10.070 ;
; bin[10]    ; tsseg[19]   ; 10.413 ; 10.413 ; 10.413 ; 10.413 ;
; bin[10]    ; tsseg[20]   ; 10.089 ; 10.089 ; 10.089 ; 10.089 ;
; bin[11]    ; tsseg[14]   ; 10.161 ; 10.161 ; 10.161 ; 10.161 ;
; bin[11]    ; tsseg[15]   ; 10.095 ; 10.095 ; 10.095 ; 10.095 ;
; bin[11]    ; tsseg[16]   ; 10.224 ; 10.224 ; 10.224 ; 10.224 ;
; bin[11]    ; tsseg[17]   ; 10.435 ; 10.435 ; 10.435 ; 10.435 ;
; bin[11]    ; tsseg[18]   ;        ; 10.428 ; 10.428 ;        ;
; bin[11]    ; tsseg[19]   ; 10.761 ; 10.761 ; 10.761 ; 10.761 ;
; bin[11]    ; tsseg[20]   ; 10.444 ; 10.444 ; 10.444 ; 10.444 ;
; sel[0]     ; tsseg[0]    ; 6.173  ;        ;        ; 6.173  ;
; sel[0]     ; tsseg[1]    ; 6.625  ;        ;        ; 6.625  ;
; sel[0]     ; tsseg[2]    ; 6.438  ;        ;        ; 6.438  ;
; sel[0]     ; tsseg[3]    ; 6.413  ;        ;        ; 6.413  ;
; sel[0]     ; tsseg[4]    ; 6.183  ; 6.183  ; 6.183  ; 6.183  ;
; sel[0]     ; tsseg[5]    ; 6.170  ;        ;        ; 6.170  ;
; sel[0]     ; tsseg[6]    ; 6.466  ; 6.466  ; 6.466  ; 6.466  ;
; sel[0]     ; tsseg[7]    ; 6.665  ;        ;        ; 6.665  ;
; sel[0]     ; tsseg[8]    ; 6.446  ;        ;        ; 6.446  ;
; sel[0]     ; tsseg[9]    ;        ; 6.265  ; 6.265  ;        ;
; sel[0]     ; tsseg[10]   ; 5.996  ;        ;        ; 5.996  ;
; sel[0]     ; tsseg[11]   ;        ; 6.032  ; 6.032  ;        ;
; sel[0]     ; tsseg[12]   ; 6.212  ;        ;        ; 6.212  ;
; sel[0]     ; tsseg[13]   ;        ; 6.422  ; 6.422  ;        ;
; sel[0]     ; tsseg[14]   ;        ; 5.807  ; 5.807  ;        ;
; sel[0]     ; tsseg[15]   ;        ; 5.825  ; 5.825  ;        ;
; sel[0]     ; tsseg[16]   ;        ; 5.551  ; 5.551  ;        ;
; sel[0]     ; tsseg[17]   ;        ; 5.799  ; 5.799  ;        ;
; sel[0]     ; tsseg[18]   ;        ; 5.793  ; 5.793  ;        ;
; sel[0]     ; tsseg[19]   ;        ; 6.441  ; 6.441  ;        ;
; sel[0]     ; tsseg[20]   ; 5.851  ; 5.851  ; 5.851  ; 5.851  ;
; sel[1]     ; tsseg[0]    ;        ; 10.384 ; 10.384 ;        ;
; sel[1]     ; tsseg[1]    ;        ; 10.658 ; 10.658 ;        ;
; sel[1]     ; tsseg[2]    ;        ; 10.648 ; 10.648 ;        ;
; sel[1]     ; tsseg[3]    ;        ; 10.623 ; 10.623 ;        ;
; sel[1]     ; tsseg[4]    ; 10.392 ; 10.392 ; 10.392 ; 10.392 ;
; sel[1]     ; tsseg[5]    ;        ; 10.382 ; 10.382 ;        ;
; sel[1]     ; tsseg[6]    ; 10.676 ; 10.676 ; 10.676 ; 10.676 ;
; sel[1]     ; tsseg[7]    ;        ; 10.487 ; 10.487 ;        ;
; sel[1]     ; tsseg[8]    ;        ; 10.782 ; 10.782 ;        ;
; sel[1]     ; tsseg[9]    ;        ; 10.552 ; 10.552 ;        ;
; sel[1]     ; tsseg[10]   ;        ; 10.344 ; 10.344 ;        ;
; sel[1]     ; tsseg[11]   ;        ; 10.334 ; 10.334 ;        ;
; sel[1]     ; tsseg[12]   ;        ; 10.044 ; 10.044 ;        ;
; sel[1]     ; tsseg[13]   ;        ; 10.257 ; 10.257 ;        ;
; sel[1]     ; tsseg[14]   ;        ; 10.147 ; 10.147 ;        ;
; sel[1]     ; tsseg[15]   ;        ; 10.116 ; 10.116 ;        ;
; sel[1]     ; tsseg[16]   ;        ; 10.252 ; 10.252 ;        ;
; sel[1]     ; tsseg[17]   ;        ; 10.139 ; 10.139 ;        ;
; sel[1]     ; tsseg[18]   ;        ; 10.123 ; 10.123 ;        ;
; sel[1]     ; tsseg[19]   ;        ; 10.780 ; 10.780 ;        ;
; sel[1]     ; tsseg[20]   ; 10.150 ; 10.150 ; 10.150 ; 10.150 ;
+------------+-------------+--------+--------+--------+--------+


----------------------------
; Fast Model Setup Summary ;
----------------------------
No paths to report.


---------------------------
; Fast Model Hold Summary ;
---------------------------
No paths to report.


-------------------------------
; Fast Model Recovery Summary ;
-------------------------------
No paths to report.


------------------------------
; Fast Model Removal Summary ;
------------------------------
No paths to report.


------------------------------------------
; Fast Model Minimum Pulse Width Summary ;
------------------------------------------
No paths to report.


+----------------------------------------------------------+
; Propagation Delay                                        ;
+------------+-------------+-------+-------+-------+-------+
; Input Port ; Output Port ; RR    ; RF    ; FR    ; FF    ;
+------------+-------------+-------+-------+-------+-------+
; bin[0]     ; tsseg[0]    ; 3.315 ; 3.315 ; 3.315 ; 3.315 ;
; bin[0]     ; tsseg[1]    ; 3.641 ; 3.641 ; 3.641 ; 3.641 ;
; bin[0]     ; tsseg[2]    ;       ; 3.515 ; 3.515 ;       ;
; bin[0]     ; tsseg[3]    ; 3.475 ; 3.475 ; 3.475 ; 3.475 ;
; bin[0]     ; tsseg[4]    ; 3.335 ;       ;       ; 3.335 ;
; bin[0]     ; tsseg[5]    ; 3.307 ;       ;       ; 3.307 ;
; bin[0]     ; tsseg[6]    ; 3.461 ; 3.461 ; 3.461 ; 3.461 ;
; bin[1]     ; tsseg[0]    ; 5.299 ; 5.299 ; 5.299 ; 5.299 ;
; bin[1]     ; tsseg[1]    ; 5.607 ; 5.607 ; 5.607 ; 5.607 ;
; bin[1]     ; tsseg[2]    ; 5.473 ;       ;       ; 5.473 ;
; bin[1]     ; tsseg[3]    ; 5.450 ; 5.450 ; 5.450 ; 5.450 ;
; bin[1]     ; tsseg[4]    ;       ; 5.313 ; 5.313 ;       ;
; bin[1]     ; tsseg[5]    ; 5.289 ; 5.289 ; 5.289 ; 5.289 ;
; bin[1]     ; tsseg[6]    ; 5.424 ; 5.424 ; 5.424 ; 5.424 ;
; bin[2]     ; tsseg[0]    ; 5.259 ; 5.259 ; 5.259 ; 5.259 ;
; bin[2]     ; tsseg[1]    ; 5.572 ;       ;       ; 5.572 ;
; bin[2]     ; tsseg[2]    ; 5.447 ; 5.447 ; 5.447 ; 5.447 ;
; bin[2]     ; tsseg[3]    ; 5.410 ; 5.410 ; 5.410 ; 5.410 ;
; bin[2]     ; tsseg[4]    ; 5.274 ; 5.274 ; 5.274 ; 5.274 ;
; bin[2]     ; tsseg[5]    ; 5.248 ; 5.248 ; 5.248 ; 5.248 ;
; bin[2]     ; tsseg[6]    ; 5.389 ; 5.389 ; 5.389 ; 5.389 ;
; bin[3]     ; tsseg[0]    ; 5.267 ; 5.267 ; 5.267 ; 5.267 ;
; bin[3]     ; tsseg[1]    ; 5.587 ; 5.587 ; 5.587 ; 5.587 ;
; bin[3]     ; tsseg[2]    ; 5.462 ; 5.462 ; 5.462 ; 5.462 ;
; bin[3]     ; tsseg[3]    ; 5.421 ; 5.421 ; 5.421 ; 5.421 ;
; bin[3]     ; tsseg[4]    ;       ; 5.281 ; 5.281 ;       ;
; bin[3]     ; tsseg[5]    ; 5.256 ; 5.256 ; 5.256 ; 5.256 ;
; bin[3]     ; tsseg[6]    ; 5.404 ; 5.404 ; 5.404 ; 5.404 ;
; bin[4]     ; tsseg[7]    ; 5.652 ; 5.652 ; 5.652 ; 5.652 ;
; bin[4]     ; tsseg[8]    ; 5.577 ; 5.577 ; 5.577 ; 5.577 ;
; bin[4]     ; tsseg[9]    ;       ; 5.487 ; 5.487 ;       ;
; bin[4]     ; tsseg[10]   ; 5.374 ; 5.374 ; 5.374 ; 5.374 ;
; bin[4]     ; tsseg[11]   ; 5.489 ;       ;       ; 5.489 ;
; bin[4]     ; tsseg[12]   ; 5.438 ;       ;       ; 5.438 ;
; bin[4]     ; tsseg[13]   ; 5.528 ; 5.528 ; 5.528 ; 5.528 ;
; bin[5]     ; tsseg[7]    ; 5.726 ; 5.726 ; 5.726 ; 5.726 ;
; bin[5]     ; tsseg[8]    ; 5.653 ; 5.653 ; 5.653 ; 5.653 ;
; bin[5]     ; tsseg[9]    ; 5.564 ;       ;       ; 5.564 ;
; bin[5]     ; tsseg[10]   ; 5.450 ; 5.450 ; 5.450 ; 5.450 ;
; bin[5]     ; tsseg[11]   ;       ; 5.562 ; 5.562 ;       ;
; bin[5]     ; tsseg[12]   ; 5.515 ; 5.515 ; 5.515 ; 5.515 ;
; bin[5]     ; tsseg[13]   ; 5.604 ; 5.604 ; 5.604 ; 5.604 ;
; bin[6]     ; tsseg[7]    ; 5.714 ; 5.714 ; 5.714 ; 5.714 ;
; bin[6]     ; tsseg[8]    ; 5.647 ;       ;       ; 5.647 ;
; bin[6]     ; tsseg[9]    ; 5.563 ; 5.563 ; 5.563 ; 5.563 ;
; bin[6]     ; tsseg[10]   ; 5.447 ; 5.447 ; 5.447 ; 5.447 ;
; bin[6]     ; tsseg[11]   ; 5.560 ; 5.560 ; 5.560 ; 5.560 ;
; bin[6]     ; tsseg[12]   ; 5.500 ; 5.500 ; 5.500 ; 5.500 ;
; bin[6]     ; tsseg[13]   ; 5.592 ; 5.592 ; 5.592 ; 5.592 ;
; bin[7]     ; tsseg[7]    ; 5.746 ; 5.746 ; 5.746 ; 5.746 ;
; bin[7]     ; tsseg[8]    ; 5.667 ; 5.667 ; 5.667 ; 5.667 ;
; bin[7]     ; tsseg[9]    ; 5.574 ; 5.574 ; 5.574 ; 5.574 ;
; bin[7]     ; tsseg[10]   ; 5.464 ; 5.464 ; 5.464 ; 5.464 ;
; bin[7]     ; tsseg[11]   ;       ; 5.576 ; 5.576 ;       ;
; bin[7]     ; tsseg[12]   ; 5.528 ; 5.528 ; 5.528 ; 5.528 ;
; bin[7]     ; tsseg[13]   ; 5.617 ; 5.617 ; 5.617 ; 5.617 ;
; bin[8]     ; tsseg[14]   ; 5.512 ; 5.512 ; 5.512 ; 5.512 ;
; bin[8]     ; tsseg[15]   ; 5.467 ; 5.467 ; 5.467 ; 5.467 ;
; bin[8]     ; tsseg[16]   ;       ; 5.509 ; 5.509 ;       ;
; bin[8]     ; tsseg[17]   ; 5.619 ; 5.619 ; 5.619 ; 5.619 ;
; bin[8]     ; tsseg[18]   ; 5.621 ;       ;       ; 5.621 ;
; bin[8]     ; tsseg[19]   ; 5.773 ;       ;       ; 5.773 ;
; bin[8]     ; tsseg[20]   ; 5.628 ; 5.628 ; 5.628 ; 5.628 ;
; bin[9]     ; tsseg[14]   ; 5.582 ; 5.582 ; 5.582 ; 5.582 ;
; bin[9]     ; tsseg[15]   ; 5.537 ; 5.537 ; 5.537 ; 5.537 ;
; bin[9]     ; tsseg[16]   ; 5.581 ;       ;       ; 5.581 ;
; bin[9]     ; tsseg[17]   ; 5.689 ; 5.689 ; 5.689 ; 5.689 ;
; bin[9]     ; tsseg[18]   ;       ; 5.684 ; 5.684 ;       ;
; bin[9]     ; tsseg[19]   ; 5.845 ; 5.845 ; 5.845 ; 5.845 ;
; bin[9]     ; tsseg[20]   ; 5.700 ; 5.700 ; 5.700 ; 5.700 ;
; bin[10]    ; tsseg[14]   ; 5.458 ; 5.458 ; 5.458 ; 5.458 ;
; bin[10]    ; tsseg[15]   ; 5.405 ;       ;       ; 5.405 ;
; bin[10]    ; tsseg[16]   ; 5.456 ; 5.456 ; 5.456 ; 5.456 ;
; bin[10]    ; tsseg[17]   ; 5.552 ; 5.552 ; 5.552 ; 5.552 ;
; bin[10]    ; tsseg[18]   ; 5.544 ; 5.544 ; 5.544 ; 5.544 ;
; bin[10]    ; tsseg[19]   ; 5.717 ; 5.717 ; 5.717 ; 5.717 ;
; bin[10]    ; tsseg[20]   ; 5.564 ; 5.564 ; 5.564 ; 5.564 ;
; bin[11]    ; tsseg[14]   ; 5.626 ; 5.626 ; 5.626 ; 5.626 ;
; bin[11]    ; tsseg[15]   ; 5.572 ; 5.572 ; 5.572 ; 5.572 ;
; bin[11]    ; tsseg[16]   ; 5.619 ; 5.619 ; 5.619 ; 5.619 ;
; bin[11]    ; tsseg[17]   ; 5.727 ; 5.727 ; 5.727 ; 5.727 ;
; bin[11]    ; tsseg[18]   ;       ; 5.722 ; 5.722 ;       ;
; bin[11]    ; tsseg[19]   ; 5.880 ; 5.880 ; 5.880 ; 5.880 ;
; bin[11]    ; tsseg[20]   ; 5.734 ; 5.734 ; 5.734 ; 5.734 ;
; sel[0]     ; tsseg[0]    ; 3.219 ;       ;       ; 3.219 ;
; sel[0]     ; tsseg[1]    ; 3.460 ;       ;       ; 3.460 ;
; sel[0]     ; tsseg[2]    ; 3.331 ;       ;       ; 3.331 ;
; sel[0]     ; tsseg[3]    ; 3.305 ;       ;       ; 3.305 ;
; sel[0]     ; tsseg[4]    ; 3.229 ; 3.229 ; 3.229 ; 3.229 ;
; sel[0]     ; tsseg[5]    ; 3.210 ;       ;       ; 3.210 ;
; sel[0]     ; tsseg[6]    ; 3.358 ; 3.358 ; 3.358 ; 3.358 ;
; sel[0]     ; tsseg[7]    ; 3.422 ;       ;       ; 3.422 ;
; sel[0]     ; tsseg[8]    ; 3.331 ;       ;       ; 3.331 ;
; sel[0]     ; tsseg[9]    ;       ; 3.239 ; 3.239 ;       ;
; sel[0]     ; tsseg[10]   ; 3.126 ;       ;       ; 3.126 ;
; sel[0]     ; tsseg[11]   ;       ; 3.130 ; 3.130 ;       ;
; sel[0]     ; tsseg[12]   ; 3.212 ;       ;       ; 3.212 ;
; sel[0]     ; tsseg[13]   ;       ; 3.303 ; 3.303 ;       ;
; sel[0]     ; tsseg[14]   ;       ; 3.058 ; 3.058 ;       ;
; sel[0]     ; tsseg[15]   ;       ; 3.030 ; 3.030 ;       ;
; sel[0]     ; tsseg[16]   ;       ; 2.911 ; 2.911 ;       ;
; sel[0]     ; tsseg[17]   ;       ; 3.047 ; 3.047 ;       ;
; sel[0]     ; tsseg[18]   ;       ; 3.040 ; 3.040 ;       ;
; sel[0]     ; tsseg[19]   ;       ; 3.339 ; 3.339 ;       ;
; sel[0]     ; tsseg[20]   ; 3.057 ; 3.057 ; 3.057 ; 3.057 ;
; sel[1]     ; tsseg[0]    ;       ; 5.746 ; 5.746 ;       ;
; sel[1]     ; tsseg[1]    ;       ; 5.908 ; 5.908 ;       ;
; sel[1]     ; tsseg[2]    ;       ; 5.858 ; 5.858 ;       ;
; sel[1]     ; tsseg[3]    ;       ; 5.831 ; 5.831 ;       ;
; sel[1]     ; tsseg[4]    ; 5.761 ; 5.761 ; 5.761 ; 5.761 ;
; sel[1]     ; tsseg[5]    ;       ; 5.737 ; 5.737 ;       ;
; sel[1]     ; tsseg[6]    ; 5.891 ; 5.891 ; 5.891 ; 5.891 ;
; sel[1]     ; tsseg[7]    ;       ; 5.846 ; 5.846 ;       ;
; sel[1]     ; tsseg[8]    ;       ; 5.939 ; 5.939 ;       ;
; sel[1]     ; tsseg[9]    ;       ; 5.863 ; 5.863 ;       ;
; sel[1]     ; tsseg[10]   ;       ; 5.747 ; 5.747 ;       ;
; sel[1]     ; tsseg[11]   ;       ; 5.738 ; 5.738 ;       ;
; sel[1]     ; tsseg[12]   ;       ; 5.640 ; 5.640 ;       ;
; sel[1]     ; tsseg[13]   ;       ; 5.713 ; 5.713 ;       ;
; sel[1]     ; tsseg[14]   ;       ; 5.664 ; 5.664 ;       ;
; sel[1]     ; tsseg[15]   ;       ; 5.631 ; 5.631 ;       ;
; sel[1]     ; tsseg[16]   ;       ; 5.700 ; 5.700 ;       ;
; sel[1]     ; tsseg[17]   ;       ; 5.654 ; 5.654 ;       ;
; sel[1]     ; tsseg[18]   ;       ; 5.640 ; 5.640 ;       ;
; sel[1]     ; tsseg[19]   ;       ; 5.944 ; 5.944 ;       ;
; sel[1]     ; tsseg[20]   ; 5.666 ; 5.666 ; 5.666 ; 5.666 ;
+------------+-------------+-------+-------+-------+-------+


+----------------------------------------------------------+
; Minimum Propagation Delay                                ;
+------------+-------------+-------+-------+-------+-------+
; Input Port ; Output Port ; RR    ; RF    ; FR    ; FF    ;
+------------+-------------+-------+-------+-------+-------+
; bin[0]     ; tsseg[0]    ; 3.315 ; 3.315 ; 3.315 ; 3.315 ;
; bin[0]     ; tsseg[1]    ; 3.641 ; 3.641 ; 3.641 ; 3.641 ;
; bin[0]     ; tsseg[2]    ;       ; 3.515 ; 3.515 ;       ;
; bin[0]     ; tsseg[3]    ; 3.475 ; 3.475 ; 3.475 ; 3.475 ;
; bin[0]     ; tsseg[4]    ; 3.335 ;       ;       ; 3.335 ;
; bin[0]     ; tsseg[5]    ; 3.307 ;       ;       ; 3.307 ;
; bin[0]     ; tsseg[6]    ; 3.461 ; 3.461 ; 3.461 ; 3.461 ;
; bin[1]     ; tsseg[0]    ; 5.299 ; 5.299 ; 5.299 ; 5.299 ;
; bin[1]     ; tsseg[1]    ; 5.607 ; 5.607 ; 5.607 ; 5.607 ;
; bin[1]     ; tsseg[2]    ; 5.473 ;       ;       ; 5.473 ;
; bin[1]     ; tsseg[3]    ; 5.450 ; 5.450 ; 5.450 ; 5.450 ;
; bin[1]     ; tsseg[4]    ;       ; 5.313 ; 5.313 ;       ;
; bin[1]     ; tsseg[5]    ; 5.289 ; 5.289 ; 5.289 ; 5.289 ;
; bin[1]     ; tsseg[6]    ; 5.424 ; 5.424 ; 5.424 ; 5.424 ;
; bin[2]     ; tsseg[0]    ; 5.259 ; 5.259 ; 5.259 ; 5.259 ;
; bin[2]     ; tsseg[1]    ; 5.572 ;       ;       ; 5.572 ;
; bin[2]     ; tsseg[2]    ; 5.447 ; 5.447 ; 5.447 ; 5.447 ;
; bin[2]     ; tsseg[3]    ; 5.410 ; 5.410 ; 5.410 ; 5.410 ;
; bin[2]     ; tsseg[4]    ; 5.274 ; 5.274 ; 5.274 ; 5.274 ;
; bin[2]     ; tsseg[5]    ; 5.248 ; 5.248 ; 5.248 ; 5.248 ;
; bin[2]     ; tsseg[6]    ; 5.389 ; 5.389 ; 5.389 ; 5.389 ;
; bin[3]     ; tsseg[0]    ; 5.267 ; 5.267 ; 5.267 ; 5.267 ;
; bin[3]     ; tsseg[1]    ; 5.587 ; 5.587 ; 5.587 ; 5.587 ;
; bin[3]     ; tsseg[2]    ; 5.462 ; 5.462 ; 5.462 ; 5.462 ;
; bin[3]     ; tsseg[3]    ; 5.421 ; 5.421 ; 5.421 ; 5.421 ;
; bin[3]     ; tsseg[4]    ;       ; 5.281 ; 5.281 ;       ;
; bin[3]     ; tsseg[5]    ; 5.256 ; 5.256 ; 5.256 ; 5.256 ;
; bin[3]     ; tsseg[6]    ; 5.404 ; 5.404 ; 5.404 ; 5.404 ;
; bin[4]     ; tsseg[7]    ; 5.652 ; 5.652 ; 5.652 ; 5.652 ;
; bin[4]     ; tsseg[8]    ; 5.577 ; 5.577 ; 5.577 ; 5.577 ;
; bin[4]     ; tsseg[9]    ;       ; 5.487 ; 5.487 ;       ;
; bin[4]     ; tsseg[10]   ; 5.374 ; 5.374 ; 5.374 ; 5.374 ;
; bin[4]     ; tsseg[11]   ; 5.489 ;       ;       ; 5.489 ;
; bin[4]     ; tsseg[12]   ; 5.438 ;       ;       ; 5.438 ;
; bin[4]     ; tsseg[13]   ; 5.528 ; 5.528 ; 5.528 ; 5.528 ;
; bin[5]     ; tsseg[7]    ; 5.726 ; 5.726 ; 5.726 ; 5.726 ;
; bin[5]     ; tsseg[8]    ; 5.653 ; 5.653 ; 5.653 ; 5.653 ;
; bin[5]     ; tsseg[9]    ; 5.564 ;       ;       ; 5.564 ;
; bin[5]     ; tsseg[10]   ; 5.450 ; 5.450 ; 5.450 ; 5.450 ;
; bin[5]     ; tsseg[11]   ;       ; 5.562 ; 5.562 ;       ;
; bin[5]     ; tsseg[12]   ; 5.515 ; 5.515 ; 5.515 ; 5.515 ;
; bin[5]     ; tsseg[13]   ; 5.604 ; 5.604 ; 5.604 ; 5.604 ;
; bin[6]     ; tsseg[7]    ; 5.714 ; 5.714 ; 5.714 ; 5.714 ;
; bin[6]     ; tsseg[8]    ; 5.647 ;       ;       ; 5.647 ;
; bin[6]     ; tsseg[9]    ; 5.563 ; 5.563 ; 5.563 ; 5.563 ;
; bin[6]     ; tsseg[10]   ; 5.447 ; 5.447 ; 5.447 ; 5.447 ;
; bin[6]     ; tsseg[11]   ; 5.560 ; 5.560 ; 5.560 ; 5.560 ;
; bin[6]     ; tsseg[12]   ; 5.500 ; 5.500 ; 5.500 ; 5.500 ;
; bin[6]     ; tsseg[13]   ; 5.592 ; 5.592 ; 5.592 ; 5.592 ;
; bin[7]     ; tsseg[7]    ; 5.746 ; 5.746 ; 5.746 ; 5.746 ;
; bin[7]     ; tsseg[8]    ; 5.667 ; 5.667 ; 5.667 ; 5.667 ;
; bin[7]     ; tsseg[9]    ; 5.574 ; 5.574 ; 5.574 ; 5.574 ;
; bin[7]     ; tsseg[10]   ; 5.464 ; 5.464 ; 5.464 ; 5.464 ;
; bin[7]     ; tsseg[11]   ;       ; 5.576 ; 5.576 ;       ;
; bin[7]     ; tsseg[12]   ; 5.528 ; 5.528 ; 5.528 ; 5.528 ;
; bin[7]     ; tsseg[13]   ; 5.617 ; 5.617 ; 5.617 ; 5.617 ;
; bin[8]     ; tsseg[14]   ; 5.512 ; 5.512 ; 5.512 ; 5.512 ;
; bin[8]     ; tsseg[15]   ; 5.467 ; 5.467 ; 5.467 ; 5.467 ;
; bin[8]     ; tsseg[16]   ;       ; 5.509 ; 5.509 ;       ;
; bin[8]     ; tsseg[17]   ; 5.619 ; 5.619 ; 5.619 ; 5.619 ;
; bin[8]     ; tsseg[18]   ; 5.621 ;       ;       ; 5.621 ;
; bin[8]     ; tsseg[19]   ; 5.773 ;       ;       ; 5.773 ;
; bin[8]     ; tsseg[20]   ; 5.628 ; 5.628 ; 5.628 ; 5.628 ;
; bin[9]     ; tsseg[14]   ; 5.582 ; 5.582 ; 5.582 ; 5.582 ;
; bin[9]     ; tsseg[15]   ; 5.537 ; 5.537 ; 5.537 ; 5.537 ;
; bin[9]     ; tsseg[16]   ; 5.581 ;       ;       ; 5.581 ;
; bin[9]     ; tsseg[17]   ; 5.689 ; 5.689 ; 5.689 ; 5.689 ;
; bin[9]     ; tsseg[18]   ;       ; 5.684 ; 5.684 ;       ;
; bin[9]     ; tsseg[19]   ; 5.845 ; 5.845 ; 5.845 ; 5.845 ;
; bin[9]     ; tsseg[20]   ; 5.700 ; 5.700 ; 5.700 ; 5.700 ;
; bin[10]    ; tsseg[14]   ; 5.458 ; 5.458 ; 5.458 ; 5.458 ;
; bin[10]    ; tsseg[15]   ; 5.405 ;       ;       ; 5.405 ;
; bin[10]    ; tsseg[16]   ; 5.456 ; 5.456 ; 5.456 ; 5.456 ;
; bin[10]    ; tsseg[17]   ; 5.552 ; 5.552 ; 5.552 ; 5.552 ;
; bin[10]    ; tsseg[18]   ; 5.544 ; 5.544 ; 5.544 ; 5.544 ;
; bin[10]    ; tsseg[19]   ; 5.717 ; 5.717 ; 5.717 ; 5.717 ;
; bin[10]    ; tsseg[20]   ; 5.564 ; 5.564 ; 5.564 ; 5.564 ;
; bin[11]    ; tsseg[14]   ; 5.626 ; 5.626 ; 5.626 ; 5.626 ;
; bin[11]    ; tsseg[15]   ; 5.572 ; 5.572 ; 5.572 ; 5.572 ;
; bin[11]    ; tsseg[16]   ; 5.619 ; 5.619 ; 5.619 ; 5.619 ;
; bin[11]    ; tsseg[17]   ; 5.727 ; 5.727 ; 5.727 ; 5.727 ;
; bin[11]    ; tsseg[18]   ;       ; 5.722 ; 5.722 ;       ;
; bin[11]    ; tsseg[19]   ; 5.880 ; 5.880 ; 5.880 ; 5.880 ;
; bin[11]    ; tsseg[20]   ; 5.734 ; 5.734 ; 5.734 ; 5.734 ;
; sel[0]     ; tsseg[0]    ; 3.219 ;       ;       ; 3.219 ;
; sel[0]     ; tsseg[1]    ; 3.460 ;       ;       ; 3.460 ;
; sel[0]     ; tsseg[2]    ; 3.331 ;       ;       ; 3.331 ;
; sel[0]     ; tsseg[3]    ; 3.305 ;       ;       ; 3.305 ;
; sel[0]     ; tsseg[4]    ; 3.229 ; 3.229 ; 3.229 ; 3.229 ;
; sel[0]     ; tsseg[5]    ; 3.210 ;       ;       ; 3.210 ;
; sel[0]     ; tsseg[6]    ; 3.358 ; 3.358 ; 3.358 ; 3.358 ;
; sel[0]     ; tsseg[7]    ; 3.422 ;       ;       ; 3.422 ;
; sel[0]     ; tsseg[8]    ; 3.331 ;       ;       ; 3.331 ;
; sel[0]     ; tsseg[9]    ;       ; 3.239 ; 3.239 ;       ;
; sel[0]     ; tsseg[10]   ; 3.126 ;       ;       ; 3.126 ;
; sel[0]     ; tsseg[11]   ;       ; 3.130 ; 3.130 ;       ;
; sel[0]     ; tsseg[12]   ; 3.212 ;       ;       ; 3.212 ;
; sel[0]     ; tsseg[13]   ;       ; 3.303 ; 3.303 ;       ;
; sel[0]     ; tsseg[14]   ;       ; 3.058 ; 3.058 ;       ;
; sel[0]     ; tsseg[15]   ;       ; 3.030 ; 3.030 ;       ;
; sel[0]     ; tsseg[16]   ;       ; 2.911 ; 2.911 ;       ;
; sel[0]     ; tsseg[17]   ;       ; 3.047 ; 3.047 ;       ;
; sel[0]     ; tsseg[18]   ;       ; 3.040 ; 3.040 ;       ;
; sel[0]     ; tsseg[19]   ;       ; 3.339 ; 3.339 ;       ;
; sel[0]     ; tsseg[20]   ; 3.057 ; 3.057 ; 3.057 ; 3.057 ;
; sel[1]     ; tsseg[0]    ;       ; 5.746 ; 5.746 ;       ;
; sel[1]     ; tsseg[1]    ;       ; 5.908 ; 5.908 ;       ;
; sel[1]     ; tsseg[2]    ;       ; 5.858 ; 5.858 ;       ;
; sel[1]     ; tsseg[3]    ;       ; 5.831 ; 5.831 ;       ;
; sel[1]     ; tsseg[4]    ; 5.761 ; 5.761 ; 5.761 ; 5.761 ;
; sel[1]     ; tsseg[5]    ;       ; 5.737 ; 5.737 ;       ;
; sel[1]     ; tsseg[6]    ; 5.891 ; 5.891 ; 5.891 ; 5.891 ;
; sel[1]     ; tsseg[7]    ;       ; 5.846 ; 5.846 ;       ;
; sel[1]     ; tsseg[8]    ;       ; 5.939 ; 5.939 ;       ;
; sel[1]     ; tsseg[9]    ;       ; 5.863 ; 5.863 ;       ;
; sel[1]     ; tsseg[10]   ;       ; 5.747 ; 5.747 ;       ;
; sel[1]     ; tsseg[11]   ;       ; 5.738 ; 5.738 ;       ;
; sel[1]     ; tsseg[12]   ;       ; 5.640 ; 5.640 ;       ;
; sel[1]     ; tsseg[13]   ;       ; 5.713 ; 5.713 ;       ;
; sel[1]     ; tsseg[14]   ;       ; 5.664 ; 5.664 ;       ;
; sel[1]     ; tsseg[15]   ;       ; 5.631 ; 5.631 ;       ;
; sel[1]     ; tsseg[16]   ;       ; 5.700 ; 5.700 ;       ;
; sel[1]     ; tsseg[17]   ;       ; 5.654 ; 5.654 ;       ;
; sel[1]     ; tsseg[18]   ;       ; 5.640 ; 5.640 ;       ;
; sel[1]     ; tsseg[19]   ;       ; 5.944 ; 5.944 ;       ;
; sel[1]     ; tsseg[20]   ; 5.666 ; 5.666 ; 5.666 ; 5.666 ;
+------------+-------------+-------+-------+-------+-------+


+----------------------------------------------------------------------------+
; Multicorner Timing Analysis Summary                                        ;
+------------------+-------+------+----------+---------+---------------------+
; Clock            ; Setup ; Hold ; Recovery ; Removal ; Minimum Pulse Width ;
+------------------+-------+------+----------+---------+---------------------+
; Worst-case Slack ; N/A   ; N/A  ; N/A      ; N/A     ; N/A                 ;
; Design-wide TNS  ; 0.0   ; 0.0  ; 0.0      ; 0.0     ; 0.0                 ;
+------------------+-------+------+----------+---------+---------------------+


+--------------------------------------------------------------+
; Progagation Delay                                            ;
+------------+-------------+--------+--------+--------+--------+
; Input Port ; Output Port ; RR     ; RF     ; FR     ; FF     ;
+------------+-------------+--------+--------+--------+--------+
; bin[0]     ; tsseg[0]    ; 6.458  ; 6.458  ; 6.458  ; 6.458  ;
; bin[0]     ; tsseg[1]    ; 7.122  ; 7.122  ; 7.122  ; 7.122  ;
; bin[0]     ; tsseg[2]    ;        ; 6.931  ; 6.931  ;        ;
; bin[0]     ; tsseg[3]    ; 6.877  ; 6.877  ; 6.877  ; 6.877  ;
; bin[0]     ; tsseg[4]    ; 6.509  ;        ;        ; 6.509  ;
; bin[0]     ; tsseg[5]    ; 6.455  ;        ;        ; 6.455  ;
; bin[0]     ; tsseg[6]    ; 6.790  ; 6.790  ; 6.790  ; 6.790  ;
; bin[1]     ; tsseg[0]    ; 9.527  ; 9.527  ; 9.527  ; 9.527  ;
; bin[1]     ; tsseg[1]    ; 10.172 ; 10.172 ; 10.172 ; 10.172 ;
; bin[1]     ; tsseg[2]    ; 9.967  ;        ;        ; 9.967  ;
; bin[1]     ; tsseg[3]    ; 9.935  ; 9.935  ; 9.935  ; 9.935  ;
; bin[1]     ; tsseg[4]    ;        ; 9.572  ; 9.572  ;        ;
; bin[1]     ; tsseg[5]    ; 9.523  ; 9.523  ; 9.523  ; 9.523  ;
; bin[1]     ; tsseg[6]    ; 9.836  ; 9.836  ; 9.836  ; 9.836  ;
; bin[2]     ; tsseg[0]    ; 9.450  ; 9.450  ; 9.450  ; 9.450  ;
; bin[2]     ; tsseg[1]    ; 10.098 ;        ;        ; 10.098 ;
; bin[2]     ; tsseg[2]    ; 9.901  ; 9.901  ; 9.901  ; 9.901  ;
; bin[2]     ; tsseg[3]    ; 9.861  ; 9.861  ; 9.861  ; 9.861  ;
; bin[2]     ; tsseg[4]    ; 9.497  ; 9.497  ; 9.497  ; 9.497  ;
; bin[2]     ; tsseg[5]    ; 9.422  ; 9.422  ; 9.422  ; 9.422  ;
; bin[2]     ; tsseg[6]    ; 9.763  ; 9.763  ; 9.763  ; 9.763  ;
; bin[3]     ; tsseg[0]    ; 9.407  ; 9.407  ; 9.407  ; 9.407  ;
; bin[3]     ; tsseg[1]    ; 10.094 ; 10.094 ; 10.094 ; 10.094 ;
; bin[3]     ; tsseg[2]    ; 9.901  ; 9.901  ; 9.901  ; 9.901  ;
; bin[3]     ; tsseg[3]    ; 9.844  ; 9.844  ; 9.844  ; 9.844  ;
; bin[3]     ; tsseg[4]    ;        ; 9.450  ; 9.450  ;        ;
; bin[3]     ; tsseg[5]    ; 9.403  ; 9.403  ; 9.403  ; 9.403  ;
; bin[3]     ; tsseg[6]    ; 9.761  ; 9.761  ; 9.761  ; 9.761  ;
; bin[4]     ; tsseg[7]    ; 10.277 ; 10.277 ; 10.277 ; 10.277 ;
; bin[4]     ; tsseg[8]    ; 10.149 ; 10.149 ; 10.149 ; 10.149 ;
; bin[4]     ; tsseg[9]    ;        ; 9.937  ; 9.937  ;        ;
; bin[4]     ; tsseg[10]   ; 9.700  ; 9.700  ; 9.700  ; 9.700  ;
; bin[4]     ; tsseg[11]   ; 9.971  ;        ;        ; 9.971  ;
; bin[4]     ; tsseg[12]   ; 9.824  ;        ;        ; 9.824  ;
; bin[4]     ; tsseg[13]   ; 10.059 ; 10.059 ; 10.059 ; 10.059 ;
; bin[5]     ; tsseg[7]    ; 10.431 ; 10.431 ; 10.431 ; 10.431 ;
; bin[5]     ; tsseg[8]    ; 10.303 ; 10.303 ; 10.303 ; 10.303 ;
; bin[5]     ; tsseg[9]    ; 10.090 ;        ;        ; 10.090 ;
; bin[5]     ; tsseg[10]   ; 9.851  ; 9.851  ; 9.851  ; 9.851  ;
; bin[5]     ; tsseg[11]   ;        ; 10.120 ; 10.120 ;        ;
; bin[5]     ; tsseg[12]   ; 9.978  ; 9.978  ; 9.978  ; 9.978  ;
; bin[5]     ; tsseg[13]   ; 10.212 ; 10.212 ; 10.212 ; 10.212 ;
; bin[6]     ; tsseg[7]    ; 10.435 ; 10.435 ; 10.435 ; 10.435 ;
; bin[6]     ; tsseg[8]    ; 10.310 ;        ;        ; 10.310 ;
; bin[6]     ; tsseg[9]    ; 10.108 ; 10.108 ; 10.108 ; 10.108 ;
; bin[6]     ; tsseg[10]   ; 9.862  ; 9.862  ; 9.862  ; 9.862  ;
; bin[6]     ; tsseg[11]   ; 10.136 ; 10.136 ; 10.136 ; 10.136 ;
; bin[6]     ; tsseg[12]   ; 9.982  ; 9.982  ; 9.982  ; 9.982  ;
; bin[6]     ; tsseg[13]   ; 10.217 ; 10.217 ; 10.217 ; 10.217 ;
; bin[7]     ; tsseg[7]    ; 10.478 ; 10.478 ; 10.478 ; 10.478 ;
; bin[7]     ; tsseg[8]    ; 10.348 ; 10.348 ; 10.348 ; 10.348 ;
; bin[7]     ; tsseg[9]    ; 10.135 ; 10.135 ; 10.135 ; 10.135 ;
; bin[7]     ; tsseg[10]   ; 9.902  ; 9.902  ; 9.902  ; 9.902  ;
; bin[7]     ; tsseg[11]   ;        ; 10.172 ; 10.172 ;        ;
; bin[7]     ; tsseg[12]   ; 10.025 ; 10.025 ; 10.025 ; 10.025 ;
; bin[7]     ; tsseg[13]   ; 10.261 ; 10.261 ; 10.261 ; 10.261 ;
; bin[8]     ; tsseg[14]   ; 9.959  ; 9.959  ; 9.959  ; 9.959  ;
; bin[8]     ; tsseg[15]   ; 9.906  ; 9.906  ; 9.906  ; 9.906  ;
; bin[8]     ; tsseg[16]   ;        ; 10.001 ; 10.001 ;        ;
; bin[8]     ; tsseg[17]   ; 10.241 ; 10.241 ; 10.241 ; 10.241 ;
; bin[8]     ; tsseg[18]   ; 10.235 ;        ;        ; 10.235 ;
; bin[8]     ; tsseg[19]   ; 10.565 ;        ;        ; 10.565 ;
; bin[8]     ; tsseg[20]   ; 10.250 ; 10.250 ; 10.250 ; 10.250 ;
; bin[9]     ; tsseg[14]   ; 10.111 ; 10.111 ; 10.111 ; 10.111 ;
; bin[9]     ; tsseg[15]   ; 10.053 ; 10.053 ; 10.053 ; 10.053 ;
; bin[9]     ; tsseg[16]   ; 10.178 ;        ;        ; 10.178 ;
; bin[9]     ; tsseg[17]   ; 10.388 ; 10.388 ; 10.388 ; 10.388 ;
; bin[9]     ; tsseg[18]   ;        ; 10.382 ; 10.382 ;        ;
; bin[9]     ; tsseg[19]   ; 10.712 ; 10.712 ; 10.712 ; 10.712 ;
; bin[9]     ; tsseg[20]   ; 10.397 ; 10.397 ; 10.397 ; 10.397 ;
; bin[10]    ; tsseg[14]   ; 9.812  ; 9.812  ; 9.812  ; 9.812  ;
; bin[10]    ; tsseg[15]   ; 9.747  ;        ;        ; 9.747  ;
; bin[10]    ; tsseg[16]   ; 9.879  ; 9.879  ; 9.879  ; 9.879  ;
; bin[10]    ; tsseg[17]   ; 10.078 ; 10.078 ; 10.078 ; 10.078 ;
; bin[10]    ; tsseg[18]   ; 10.070 ; 10.070 ; 10.070 ; 10.070 ;
; bin[10]    ; tsseg[19]   ; 10.413 ; 10.413 ; 10.413 ; 10.413 ;
; bin[10]    ; tsseg[20]   ; 10.089 ; 10.089 ; 10.089 ; 10.089 ;
; bin[11]    ; tsseg[14]   ; 10.161 ; 10.161 ; 10.161 ; 10.161 ;
; bin[11]    ; tsseg[15]   ; 10.095 ; 10.095 ; 10.095 ; 10.095 ;
; bin[11]    ; tsseg[16]   ; 10.224 ; 10.224 ; 10.224 ; 10.224 ;
; bin[11]    ; tsseg[17]   ; 10.435 ; 10.435 ; 10.435 ; 10.435 ;
; bin[11]    ; tsseg[18]   ;        ; 10.428 ; 10.428 ;        ;
; bin[11]    ; tsseg[19]   ; 10.761 ; 10.761 ; 10.761 ; 10.761 ;
; bin[11]    ; tsseg[20]   ; 10.444 ; 10.444 ; 10.444 ; 10.444 ;
; sel[0]     ; tsseg[0]    ; 6.173  ;        ;        ; 6.173  ;
; sel[0]     ; tsseg[1]    ; 6.625  ;        ;        ; 6.625  ;
; sel[0]     ; tsseg[2]    ; 6.438  ;        ;        ; 6.438  ;
; sel[0]     ; tsseg[3]    ; 6.413  ;        ;        ; 6.413  ;
; sel[0]     ; tsseg[4]    ; 6.183  ; 6.183  ; 6.183  ; 6.183  ;
; sel[0]     ; tsseg[5]    ; 6.170  ;        ;        ; 6.170  ;
; sel[0]     ; tsseg[6]    ; 6.466  ; 6.466  ; 6.466  ; 6.466  ;
; sel[0]     ; tsseg[7]    ; 6.665  ;        ;        ; 6.665  ;
; sel[0]     ; tsseg[8]    ; 6.446  ;        ;        ; 6.446  ;
; sel[0]     ; tsseg[9]    ;        ; 6.265  ; 6.265  ;        ;
; sel[0]     ; tsseg[10]   ; 5.996  ;        ;        ; 5.996  ;
; sel[0]     ; tsseg[11]   ;        ; 6.032  ; 6.032  ;        ;
; sel[0]     ; tsseg[12]   ; 6.212  ;        ;        ; 6.212  ;
; sel[0]     ; tsseg[13]   ;        ; 6.422  ; 6.422  ;        ;
; sel[0]     ; tsseg[14]   ;        ; 5.807  ; 5.807  ;        ;
; sel[0]     ; tsseg[15]   ;        ; 5.825  ; 5.825  ;        ;
; sel[0]     ; tsseg[16]   ;        ; 5.551  ; 5.551  ;        ;
; sel[0]     ; tsseg[17]   ;        ; 5.799  ; 5.799  ;        ;
; sel[0]     ; tsseg[18]   ;        ; 5.793  ; 5.793  ;        ;
; sel[0]     ; tsseg[19]   ;        ; 6.441  ; 6.441  ;        ;
; sel[0]     ; tsseg[20]   ; 5.851  ; 5.851  ; 5.851  ; 5.851  ;
; sel[1]     ; tsseg[0]    ;        ; 10.384 ; 10.384 ;        ;
; sel[1]     ; tsseg[1]    ;        ; 10.658 ; 10.658 ;        ;
; sel[1]     ; tsseg[2]    ;        ; 10.648 ; 10.648 ;        ;
; sel[1]     ; tsseg[3]    ;        ; 10.623 ; 10.623 ;        ;
; sel[1]     ; tsseg[4]    ; 10.392 ; 10.392 ; 10.392 ; 10.392 ;
; sel[1]     ; tsseg[5]    ;        ; 10.382 ; 10.382 ;        ;
; sel[1]     ; tsseg[6]    ; 10.676 ; 10.676 ; 10.676 ; 10.676 ;
; sel[1]     ; tsseg[7]    ;        ; 10.487 ; 10.487 ;        ;
; sel[1]     ; tsseg[8]    ;        ; 10.782 ; 10.782 ;        ;
; sel[1]     ; tsseg[9]    ;        ; 10.552 ; 10.552 ;        ;
; sel[1]     ; tsseg[10]   ;        ; 10.344 ; 10.344 ;        ;
; sel[1]     ; tsseg[11]   ;        ; 10.334 ; 10.334 ;        ;
; sel[1]     ; tsseg[12]   ;        ; 10.044 ; 10.044 ;        ;
; sel[1]     ; tsseg[13]   ;        ; 10.257 ; 10.257 ;        ;
; sel[1]     ; tsseg[14]   ;        ; 10.147 ; 10.147 ;        ;
; sel[1]     ; tsseg[15]   ;        ; 10.116 ; 10.116 ;        ;
; sel[1]     ; tsseg[16]   ;        ; 10.252 ; 10.252 ;        ;
; sel[1]     ; tsseg[17]   ;        ; 10.139 ; 10.139 ;        ;
; sel[1]     ; tsseg[18]   ;        ; 10.123 ; 10.123 ;        ;
; sel[1]     ; tsseg[19]   ;        ; 10.780 ; 10.780 ;        ;
; sel[1]     ; tsseg[20]   ; 10.150 ; 10.150 ; 10.150 ; 10.150 ;
+------------+-------------+--------+--------+--------+--------+


+----------------------------------------------------------+
; Minimum Progagation Delay                                ;
+------------+-------------+-------+-------+-------+-------+
; Input Port ; Output Port ; RR    ; RF    ; FR    ; FF    ;
+------------+-------------+-------+-------+-------+-------+
; bin[0]     ; tsseg[0]    ; 3.315 ; 3.315 ; 3.315 ; 3.315 ;
; bin[0]     ; tsseg[1]    ; 3.641 ; 3.641 ; 3.641 ; 3.641 ;
; bin[0]     ; tsseg[2]    ;       ; 3.515 ; 3.515 ;       ;
; bin[0]     ; tsseg[3]    ; 3.475 ; 3.475 ; 3.475 ; 3.475 ;
; bin[0]     ; tsseg[4]    ; 3.335 ;       ;       ; 3.335 ;
; bin[0]     ; tsseg[5]    ; 3.307 ;       ;       ; 3.307 ;
; bin[0]     ; tsseg[6]    ; 3.461 ; 3.461 ; 3.461 ; 3.461 ;
; bin[1]     ; tsseg[0]    ; 5.299 ; 5.299 ; 5.299 ; 5.299 ;
; bin[1]     ; tsseg[1]    ; 5.607 ; 5.607 ; 5.607 ; 5.607 ;
; bin[1]     ; tsseg[2]    ; 5.473 ;       ;       ; 5.473 ;
; bin[1]     ; tsseg[3]    ; 5.450 ; 5.450 ; 5.450 ; 5.450 ;
; bin[1]     ; tsseg[4]    ;       ; 5.313 ; 5.313 ;       ;
; bin[1]     ; tsseg[5]    ; 5.289 ; 5.289 ; 5.289 ; 5.289 ;
; bin[1]     ; tsseg[6]    ; 5.424 ; 5.424 ; 5.424 ; 5.424 ;
; bin[2]     ; tsseg[0]    ; 5.259 ; 5.259 ; 5.259 ; 5.259 ;
; bin[2]     ; tsseg[1]    ; 5.572 ;       ;       ; 5.572 ;
; bin[2]     ; tsseg[2]    ; 5.447 ; 5.447 ; 5.447 ; 5.447 ;
; bin[2]     ; tsseg[3]    ; 5.410 ; 5.410 ; 5.410 ; 5.410 ;
; bin[2]     ; tsseg[4]    ; 5.274 ; 5.274 ; 5.274 ; 5.274 ;
; bin[2]     ; tsseg[5]    ; 5.248 ; 5.248 ; 5.248 ; 5.248 ;
; bin[2]     ; tsseg[6]    ; 5.389 ; 5.389 ; 5.389 ; 5.389 ;
; bin[3]     ; tsseg[0]    ; 5.267 ; 5.267 ; 5.267 ; 5.267 ;
; bin[3]     ; tsseg[1]    ; 5.587 ; 5.587 ; 5.587 ; 5.587 ;
; bin[3]     ; tsseg[2]    ; 5.462 ; 5.462 ; 5.462 ; 5.462 ;
; bin[3]     ; tsseg[3]    ; 5.421 ; 5.421 ; 5.421 ; 5.421 ;
; bin[3]     ; tsseg[4]    ;       ; 5.281 ; 5.281 ;       ;
; bin[3]     ; tsseg[5]    ; 5.256 ; 5.256 ; 5.256 ; 5.256 ;
; bin[3]     ; tsseg[6]    ; 5.404 ; 5.404 ; 5.404 ; 5.404 ;
; bin[4]     ; tsseg[7]    ; 5.652 ; 5.652 ; 5.652 ; 5.652 ;
; bin[4]     ; tsseg[8]    ; 5.577 ; 5.577 ; 5.577 ; 5.577 ;
; bin[4]     ; tsseg[9]    ;       ; 5.487 ; 5.487 ;       ;
; bin[4]     ; tsseg[10]   ; 5.374 ; 5.374 ; 5.374 ; 5.374 ;
; bin[4]     ; tsseg[11]   ; 5.489 ;       ;       ; 5.489 ;
; bin[4]     ; tsseg[12]   ; 5.438 ;       ;       ; 5.438 ;
; bin[4]     ; tsseg[13]   ; 5.528 ; 5.528 ; 5.528 ; 5.528 ;
; bin[5]     ; tsseg[7]    ; 5.726 ; 5.726 ; 5.726 ; 5.726 ;
; bin[5]     ; tsseg[8]    ; 5.653 ; 5.653 ; 5.653 ; 5.653 ;
; bin[5]     ; tsseg[9]    ; 5.564 ;       ;       ; 5.564 ;
; bin[5]     ; tsseg[10]   ; 5.450 ; 5.450 ; 5.450 ; 5.450 ;
; bin[5]     ; tsseg[11]   ;       ; 5.562 ; 5.562 ;       ;
; bin[5]     ; tsseg[12]   ; 5.515 ; 5.515 ; 5.515 ; 5.515 ;
; bin[5]     ; tsseg[13]   ; 5.604 ; 5.604 ; 5.604 ; 5.604 ;
; bin[6]     ; tsseg[7]    ; 5.714 ; 5.714 ; 5.714 ; 5.714 ;
; bin[6]     ; tsseg[8]    ; 5.647 ;       ;       ; 5.647 ;
; bin[6]     ; tsseg[9]    ; 5.563 ; 5.563 ; 5.563 ; 5.563 ;
; bin[6]     ; tsseg[10]   ; 5.447 ; 5.447 ; 5.447 ; 5.447 ;
; bin[6]     ; tsseg[11]   ; 5.560 ; 5.560 ; 5.560 ; 5.560 ;
; bin[6]     ; tsseg[12]   ; 5.500 ; 5.500 ; 5.500 ; 5.500 ;
; bin[6]     ; tsseg[13]   ; 5.592 ; 5.592 ; 5.592 ; 5.592 ;
; bin[7]     ; tsseg[7]    ; 5.746 ; 5.746 ; 5.746 ; 5.746 ;
; bin[7]     ; tsseg[8]    ; 5.667 ; 5.667 ; 5.667 ; 5.667 ;
; bin[7]     ; tsseg[9]    ; 5.574 ; 5.574 ; 5.574 ; 5.574 ;
; bin[7]     ; tsseg[10]   ; 5.464 ; 5.464 ; 5.464 ; 5.464 ;
; bin[7]     ; tsseg[11]   ;       ; 5.576 ; 5.576 ;       ;
; bin[7]     ; tsseg[12]   ; 5.528 ; 5.528 ; 5.528 ; 5.528 ;
; bin[7]     ; tsseg[13]   ; 5.617 ; 5.617 ; 5.617 ; 5.617 ;
; bin[8]     ; tsseg[14]   ; 5.512 ; 5.512 ; 5.512 ; 5.512 ;
; bin[8]     ; tsseg[15]   ; 5.467 ; 5.467 ; 5.467 ; 5.467 ;
; bin[8]     ; tsseg[16]   ;       ; 5.509 ; 5.509 ;       ;
; bin[8]     ; tsseg[17]   ; 5.619 ; 5.619 ; 5.619 ; 5.619 ;
; bin[8]     ; tsseg[18]   ; 5.621 ;       ;       ; 5.621 ;
; bin[8]     ; tsseg[19]   ; 5.773 ;       ;       ; 5.773 ;
; bin[8]     ; tsseg[20]   ; 5.628 ; 5.628 ; 5.628 ; 5.628 ;
; bin[9]     ; tsseg[14]   ; 5.582 ; 5.582 ; 5.582 ; 5.582 ;
; bin[9]     ; tsseg[15]   ; 5.537 ; 5.537 ; 5.537 ; 5.537 ;
; bin[9]     ; tsseg[16]   ; 5.581 ;       ;       ; 5.581 ;
; bin[9]     ; tsseg[17]   ; 5.689 ; 5.689 ; 5.689 ; 5.689 ;
; bin[9]     ; tsseg[18]   ;       ; 5.684 ; 5.684 ;       ;
; bin[9]     ; tsseg[19]   ; 5.845 ; 5.845 ; 5.845 ; 5.845 ;
; bin[9]     ; tsseg[20]   ; 5.700 ; 5.700 ; 5.700 ; 5.700 ;
; bin[10]    ; tsseg[14]   ; 5.458 ; 5.458 ; 5.458 ; 5.458 ;
; bin[10]    ; tsseg[15]   ; 5.405 ;       ;       ; 5.405 ;
; bin[10]    ; tsseg[16]   ; 5.456 ; 5.456 ; 5.456 ; 5.456 ;
; bin[10]    ; tsseg[17]   ; 5.552 ; 5.552 ; 5.552 ; 5.552 ;
; bin[10]    ; tsseg[18]   ; 5.544 ; 5.544 ; 5.544 ; 5.544 ;
; bin[10]    ; tsseg[19]   ; 5.717 ; 5.717 ; 5.717 ; 5.717 ;
; bin[10]    ; tsseg[20]   ; 5.564 ; 5.564 ; 5.564 ; 5.564 ;
; bin[11]    ; tsseg[14]   ; 5.626 ; 5.626 ; 5.626 ; 5.626 ;
; bin[11]    ; tsseg[15]   ; 5.572 ; 5.572 ; 5.572 ; 5.572 ;
; bin[11]    ; tsseg[16]   ; 5.619 ; 5.619 ; 5.619 ; 5.619 ;
; bin[11]    ; tsseg[17]   ; 5.727 ; 5.727 ; 5.727 ; 5.727 ;
; bin[11]    ; tsseg[18]   ;       ; 5.722 ; 5.722 ;       ;
; bin[11]    ; tsseg[19]   ; 5.880 ; 5.880 ; 5.880 ; 5.880 ;
; bin[11]    ; tsseg[20]   ; 5.734 ; 5.734 ; 5.734 ; 5.734 ;
; sel[0]     ; tsseg[0]    ; 3.219 ;       ;       ; 3.219 ;
; sel[0]     ; tsseg[1]    ; 3.460 ;       ;       ; 3.460 ;
; sel[0]     ; tsseg[2]    ; 3.331 ;       ;       ; 3.331 ;
; sel[0]     ; tsseg[3]    ; 3.305 ;       ;       ; 3.305 ;
; sel[0]     ; tsseg[4]    ; 3.229 ; 3.229 ; 3.229 ; 3.229 ;
; sel[0]     ; tsseg[5]    ; 3.210 ;       ;       ; 3.210 ;
; sel[0]     ; tsseg[6]    ; 3.358 ; 3.358 ; 3.358 ; 3.358 ;
; sel[0]     ; tsseg[7]    ; 3.422 ;       ;       ; 3.422 ;
; sel[0]     ; tsseg[8]    ; 3.331 ;       ;       ; 3.331 ;
; sel[0]     ; tsseg[9]    ;       ; 3.239 ; 3.239 ;       ;
; sel[0]     ; tsseg[10]   ; 3.126 ;       ;       ; 3.126 ;
; sel[0]     ; tsseg[11]   ;       ; 3.130 ; 3.130 ;       ;
; sel[0]     ; tsseg[12]   ; 3.212 ;       ;       ; 3.212 ;
; sel[0]     ; tsseg[13]   ;       ; 3.303 ; 3.303 ;       ;
; sel[0]     ; tsseg[14]   ;       ; 3.058 ; 3.058 ;       ;
; sel[0]     ; tsseg[15]   ;       ; 3.030 ; 3.030 ;       ;
; sel[0]     ; tsseg[16]   ;       ; 2.911 ; 2.911 ;       ;
; sel[0]     ; tsseg[17]   ;       ; 3.047 ; 3.047 ;       ;
; sel[0]     ; tsseg[18]   ;       ; 3.040 ; 3.040 ;       ;
; sel[0]     ; tsseg[19]   ;       ; 3.339 ; 3.339 ;       ;
; sel[0]     ; tsseg[20]   ; 3.057 ; 3.057 ; 3.057 ; 3.057 ;
; sel[1]     ; tsseg[0]    ;       ; 5.746 ; 5.746 ;       ;
; sel[1]     ; tsseg[1]    ;       ; 5.908 ; 5.908 ;       ;
; sel[1]     ; tsseg[2]    ;       ; 5.858 ; 5.858 ;       ;
; sel[1]     ; tsseg[3]    ;       ; 5.831 ; 5.831 ;       ;
; sel[1]     ; tsseg[4]    ; 5.761 ; 5.761 ; 5.761 ; 5.761 ;
; sel[1]     ; tsseg[5]    ;       ; 5.737 ; 5.737 ;       ;
; sel[1]     ; tsseg[6]    ; 5.891 ; 5.891 ; 5.891 ; 5.891 ;
; sel[1]     ; tsseg[7]    ;       ; 5.846 ; 5.846 ;       ;
; sel[1]     ; tsseg[8]    ;       ; 5.939 ; 5.939 ;       ;
; sel[1]     ; tsseg[9]    ;       ; 5.863 ; 5.863 ;       ;
; sel[1]     ; tsseg[10]   ;       ; 5.747 ; 5.747 ;       ;
; sel[1]     ; tsseg[11]   ;       ; 5.738 ; 5.738 ;       ;
; sel[1]     ; tsseg[12]   ;       ; 5.640 ; 5.640 ;       ;
; sel[1]     ; tsseg[13]   ;       ; 5.713 ; 5.713 ;       ;
; sel[1]     ; tsseg[14]   ;       ; 5.664 ; 5.664 ;       ;
; sel[1]     ; tsseg[15]   ;       ; 5.631 ; 5.631 ;       ;
; sel[1]     ; tsseg[16]   ;       ; 5.700 ; 5.700 ;       ;
; sel[1]     ; tsseg[17]   ;       ; 5.654 ; 5.654 ;       ;
; sel[1]     ; tsseg[18]   ;       ; 5.640 ; 5.640 ;       ;
; sel[1]     ; tsseg[19]   ;       ; 5.944 ; 5.944 ;       ;
; sel[1]     ; tsseg[20]   ; 5.666 ; 5.666 ; 5.666 ; 5.666 ;
+------------+-------------+-------+-------+-------+-------+


-------------------
; Clock Transfers ;
-------------------
Nothing to report.


---------------
; Report TCCS ;
---------------
No dedicated SERDES Transmitter circuitry present in device or used in design


---------------
; Report RSKM ;
---------------
No dedicated SERDES Receiver circuitry present in device or used in design


+------------------------------------------------+
; Unconstrained Paths                            ;
+---------------------------------+-------+------+
; Property                        ; Setup ; Hold ;
+---------------------------------+-------+------+
; Illegal Clocks                  ; 0     ; 0    ;
; Unconstrained Clocks            ; 0     ; 0    ;
; Unconstrained Input Ports       ; 14    ; 14   ;
; Unconstrained Input Port Paths  ; 126   ; 126  ;
; Unconstrained Output Ports      ; 21    ; 21   ;
; Unconstrained Output Port Paths ; 126   ; 126  ;
+---------------------------------+-------+------+


+------------------------------------+
; TimeQuest Timing Analyzer Messages ;
+------------------------------------+
Info: *******************************************************************
Info: Running Quartus II 64-Bit TimeQuest Timing Analyzer
    Info: Version 13.0.1 Build 232 06/12/2013 Service Pack 1 SJ Web Edition
    Info: Processing started: Sat Mar 19 16:05:13 2022
Info: Command: quartus_sta exercise3 -c exercise3
Info: qsta_default_script.tcl version: #1
Warning (20013): Ignored assignments for entity "multi" -- entity does not exist in design
    Warning (20014): Assignment for entity set_instance_assignment -name DSP_BLOCK_BALANCING "LOGIC ELEMENTS" -to * -entity multi was ignored
Warning (20028): Parallel compilation is not licensed and has been disabled
Info (21077): Low junction temperature is 0 degrees C
Info (21077): High junction temperature is 85 degrees C
Critical Warning (332012): Synopsys Design Constraints File file not found: 'exercise3.sdc'. A Synopsys Design Constraints File is required by the TimeQuest Timing Analyzer to get proper timing constraints. Without it, the Compiler will not properly optimize the design.
Info (332142): No user constrained base clocks found in the design. Calling "derive_clocks -period 1.0"
Info (332096): The command derive_clocks did not find any clocks to derive.  No clocks were created or changed.
Warning (332068): No clocks defined in design.
Info: Found TIMEQUEST_REPORT_SCRIPT_INCLUDE_DEFAULT_ANALYSIS = ON
Info (332159): No clocks to report
Info: Analyzing Slow Model
Info (332140): No fmax paths to report
Info (332140): No Setup paths to report
Info (332140): No Hold paths to report
Info (332140): No Recovery paths to report
Info (332140): No Removal paths to report
Info (332140): No Minimum Pulse Width paths to report
Info (332001): The selected device family is not supported by the report_metastability command.
Info: Analyzing Fast Model
Info (332142): No user constrained base clocks found in the design. Calling "derive_clocks -period 1.0"
Info (332096): The command derive_clocks did not find any clocks to derive.  No clocks were created or changed.
Warning (332068): No clocks defined in design.
Info (332140): No Setup paths to report
Info (332140): No Hold paths to report
Info (332140): No Recovery paths to report
Info (332140): No Removal paths to report
Info (332140): No Minimum Pulse Width paths to report
Info (332001): The selected device family is not supported by the report_metastability command.
Info (332102): Design is not fully constrained for setup requirements
Info (332102): Design is not fully constrained for hold requirements
Info: Quartus II 64-Bit TimeQuest Timing Analyzer was successful. 0 errors, 6 warnings
    Info: Peak virtual memory: 4551 megabytes
    Info: Processing ended: Sat Mar 19 16:05:14 2022
    Info: Elapsed time: 00:00:01
    Info: Total CPU time (on all processors): 00:00:01


